2024-07-19-23:24:46.790 2  64 255 129025 Position, Rapid Update:  Latitude = 37.5166666; Longitude = 37.5166664
2024-07-19-23:24:46.790 2  64 255 129025 Position, Rapid Update:  Latitude = 37d 31.000 N; Longitude = 37d 31.000 E
2024-07-19-23:24:46.790 2  64 255 129025 Position, Rapid Update:  Latitude = 37d 31' 00.000"N; Longitude = 37d 30' 59.999"E
