{"timestamp":"2011-04-25-06:25:03.603","prio":3,"src":36,"dst":255,"pgn":129029,"description":"GNSS Position Data","fields":{"SID":230,"Date":{"value":15089,"name":"2011.04.25"},"Time":{"value":231120000,"name":"06:25:12"},"Latitude":52.7461333,"Longitude": 5.1815566,"Altitude":3.400000,"GNSS type":{"value":3,"name":"GPS+SBAS/WAAS"},"Method":{"value":1,"name":"GNSS fix"},"Integrity":{"value":0,"name":"No integrity checking"},"Number of SVs":9,"HDOP":0.90,"PDOP":1.40,"Reference Stations":0}}
{"timestamp":"1970-01-01T00:00:00.000Z","prio":3,"src":61,"dst":255,"pgn":127513,"description":"Battery Configuration Status","fields":{"Instance":{"value":0,"key":true},"Battery Type":{"value":1,"name":"Gel"},"Supports Equalization":{"value":0,"name":"No"},"Nominal Voltage":{"value":1,"name":"12V"},"Chemistry":{"value":1,"name":"Li"},"Capacity":20,"Temperature Coefficient":2,"Peukert Exponent":1.002,"Charge Efficiency Factor":98}}
{"timestamp":"2022-09-10T12:10:16.614Z","prio":6,"src":5,"dst":255,"pgn":60928,"description":"ISO Address Claim","fields":{"Unique Number":1088507,"Manufacturer Code":{"value":275,"name":"Navico"},"Device Instance Lower":0,"Device Instance Upper":0,"Device Function":{"value":155,"name":"Rudder"},"Device Class":{"value":40,"name":"Steering and Control surfaces"},"System Instance":0,"Industry Group":{"value":4,"name":"Marine"},"Arbitrary address capable":{"value":1,"name":"Yes"}}}
{"timestamp":"2022-09-10T12:10:16.812Z","prio":6,"src":35,"dst":255,"pgn":60928,"description":"ISO Address Claim","fields":{"Unique Number":321561,"Manufacturer Code":{"value":135,"name":"Airmar"},"Device Instance Lower":0,"Device Instance Upper":0,"Device Function":{"value":130,"name":"Bottom Depth"},"Device Class":{"value":60,"name":"Navigation"},"System Instance":0,"Industry Group":{"value":4,"name":"Marine"},"Arbitrary address capable":{"value":1,"name":"Yes"}}}
{"timestamp":"2016-04-09T16:41:39.628Z","prio":2,"src":16,"dst":255,"pgn":127489,"description":"Engine Parameters, Dynamic","fields":{"Instance":{"value":0,"name":"Single Engine or Dual Engine Port","key":true},"Oil pressure":1.583,"Temperature":23.52,"Alternator Potential":13.81,"Total Engine hours":{"value":4210,"name":"01:10:10"},"Discrete Status 1":[{"value":2,"name":"Over Temperature"},{"value":4,"name":"Low Oil Pressure"}]}}
{"timestamp":"1970-01-01T16:41:39.628Z","prio":2,"src":16,"dst":255,"pgn":127489,"description":"Engine Parameters, Dynamic","fields":{"Instance":{"value":0,"name":"Single Engine or Dual Engine Port","key":true},"Oil pressure":1.583,"Oil temperature":547.65,"Temperature":23.52,"Alternator Potential":13.81,"Fuel Rate":112.5,"Total Engine hours":{"value":4210,"name":"01:10:10"},"Coolant Pressure":8.208,"Fuel Pressure":164.320,"Discrete Status 1":[{"value":2,"name":"Over Temperature"},{"value":4,"name":"Low Oil Pressure"}],"Discrete Status 2":[{"value":1,"name":"Warning Level 1"},{"value":2,"name":"Warning Level 2"},{"value":4,"name":"Power Reduction"},{"value":8,"name":"Maintenance Needed"},{"value":16,"name":"Engine Comm Error"},{"value":32,"name":"Sub or Secondary Throttle"},{"value":64,"name":"Neutral Start Protect"},{"value":128,"name":"Engine Shutting Down"}],"Engine Load":48,"Engine Torque":24}}
{"timestamp":"2022-09-10T12:10:33.618Z","prio":6,"src":23,"dst":255,"pgn":129540,"description":"GNSS Sats in View","fields":{"SID":4,"Sats in View":18,"list":[{"PRN":3,"Elevation":52.0,"Azimuth":88.0,"SNR":33.00,"Range residuals":0.00000,"Status":{"value":2,"name":"Used"}},{"PRN":87,"Elevation":47.0,"Azimuth":191.0,"SNR":33.00,"Range residuals":0.00000,"Status":{"value":2,"name":"Used"}},{"PRN":4,"Elevation":74.0,"Azimuth":144.0,"SNR":32.00,"Range residuals":0.00000,"Status":{"value":2,"name":"Used"}},{"PRN":72,"Elevation":67.0,"Azimuth":39.0,"SNR":32.00,"Range residuals":0.00000,"Status":{"value":2,"name":"Used"}},{"PRN":73,"Elevation":21.0,"Azimuth":53.0,"SNR":32.00,"Range residuals":0.00000,"Status":{"value":2,"name":"Used"}},{"PRN":49,"Elevation":29.0,"Azimuth":181.0,"SNR":31.00,"Range residuals":0.00000,"Status":{"value":2,"name":"Used"}},{"PRN":88,"Elevation":62.0,"Azimuth":286.0,"SNR":31.00,"Range residuals":0.00000,"Status":{"value":2,"name":"Used"}},{"PRN":6,"Elevation":41.0,"Azimuth":304.0,"SNR":30.00,"Range residuals":0.00000,"Status":{"value":2,"name":"Used"}},{"PRN":81,"Elevation":18.0,"Azimuth":331.0,"SNR":30.00,"Range residuals":0.00000,"Status":{"value":2,"name":"Used"}},{"PRN":9,"Elevation":46.0,"Azimuth":210.0,"SNR":29.00,"Range residuals":0.00000,"Status":{"value":2,"name":"Used"}},{"PRN":17,"Elevation":26.0,"Azimuth":228.0,"SNR":29.00,"Range residuals":0.00000,"Status":{"value":2,"name":"Used"}},{"PRN":19,"Elevation":36.0,"Azimuth":258.0,"SNR":29.00,"Range residuals":0.00000,"Status":{"value":2,"name":"Used"}},{"PRN":71,"Elevation":18.0,"Azimuth":57.0,"SNR":28.00,"Range residuals":0.00000,"Status":{"value":2,"name":"Used"}},{"PRN":65,"Elevation":54.0,"Azimuth":256.0,"SNR":27.00,"Range residuals":0.00000,"Status":{"value":2,"name":"Used"}},{"PRN":11,"Elevation":9.0,"Azimuth":312.0,"SNR":26.00,"Range residuals":0.00000,"Status":{"value":2,"name":"Used"}},{"PRN":1,"Elevation":20.0,"Azimuth":147.0,"SNR":23.00,"Range residuals":0.00000,"Status":{"value":2,"name":"Used"}},{"PRN":25,"Elevation":4.0,"Azimuth":357.0,"SNR":22.00,"Range residuals":0.00000,"Status":{"value":2,"name":"Used"}},{"PRN":74,"Elevation":11.0,"Azimuth":98.0,"SNR":21.00,"Range residuals":0.00000}]}}
{"timestamp":"2020-08-22-13:52:57.591","prio":7,"src":36,"dst":255,"pgn":126993,"description":"Heartbeat","fields":{"Data transmit offset":{"value":1,"name":"00:00:00.01"},"Sequence Counter":36}}
{"timestamp":"2011-04-25-10:16:40.505","prio":3,"src":36,"dst":255,"pgn":126992,"description":"System Time","fields":{"SID":16,"Source":{"value":0,"name":"GPS","key":true},"Date":{"value":15089,"name":"2011.04.25"},"Time":{"value":370100001,"name":"10:16:50.0001"}}}
{"timestamp":"2021-01-30-20:43:21.684","prio":6,"src":1,"dst":255,"pgn":126998,"description":"Configuration Information","fields":{"Installation Description #1":"hello","Installation Description #2":"w√≥rld"}}
{"timestamp":"2020-04-19T00:35:55.571Z","prio":2,"src":0,"dst":67,"pgn":126208,"description":"NMEA - Command group function","fields":{"Function Code":{"value":1,"name":"Command"},"PGN":{"value":126998,"name":"Configuration Information"},"Number of Parameters":1,"list":[{"Parameter":2,"Value":"YD:VOLUME 60"}]}}
{"timestamp":"2021-07-29T10:18:31.758Z","prio":6,"src":36,"dst":0,"pgn":126208,"description":"NMEA - Acknowledge group function","fields":{"Function Code":{"value":2,"name":"Acknowledge"},"PGN":{"value":65410},"PGN error code":{"value":0,"name":"Acknowledge"},"Transmission interval/Priority error code":{"value":1,"name":"Transmit Interval/Priority not supported"},"Number of Parameters":2,"list":[{"Parameter":{"value":0,"name":"Acknowledge"}},{"Parameter":{"value":0,"name":"Acknowledge"}}]}}
{"timestamp":"2021-07-29T10:18:31.758Z","prio":6,"src":36,"dst":0,"pgn":126208,"description":"NMEA - Read Fields group function","fields":{"Function Code":{"value":3,"name":"Read Fields"},"PGN":{"value":130306,"name":"Wind Data"},"Unique ID":0,"Number of Selection Pairs":1,"Number of Parameters":2,"list":[{"Selection Parameter":4,"Selection Value":{"value":2,"name":"Apparent"}}],"list2":[{"Parameter":2},{"Parameter":3}]}}
{"timestamp":"2022-10-11T11:47:22Z","prio":3,"src":127,"dst":255,"pgn":126464,"description":"PGN List (Transmit and Receive)","fields":{"Function Code":{"value":1,"name":"Receive PGN list"},"list":[{"PGN":{"value":130820}},{"PGN":{"value":129809,"name":"AIS Class B static data (msg 24 Part A)"}}]}}
{"timestamp":"2022-11-14T01:47:30.890Z","prio":2,"src":14,"dst":255,"pgn":127251,"description":"Rate of Turn","fields":{"Rate":-0.029649}}
{"timestamp":"2022-09-10T12:07:29.542Z","prio":4,"src":23,"dst":255,"pgn":129039,"description":"AIS Class B Position Report","fields":{"Message ID":{"value":18,"name":"Standard Class B position report"},"Repeat Indicator":{"value":0,"name":"Initial"},"User ID":{"value":"244180106","key":true},"Longitude": 5.3134516,"Latitude":52.9061666,"Position Accuracy":{"value":1,"name":"High"},"RAIM":{"value":1,"name":"in use"},"Time Stamp":{"value":29},"COG":171.7,"SOG":1.80,"Communication State":"F8 08 00","AIS Transceiver information":{"value":0,"name":"Channel A VDL reception"},"Unit type":{"value":0,"name":"SOTDMA"},"Integrated Display":{"value":0,"name":"No"},"DSC":{"value":1,"name":"Yes"},"Band":{"value":1,"name":"Entire marine band"},"Can handle Msg 22":{"value":1,"name":"Yes"},"AIS mode":{"value":1,"name":"Assigned"},"AIS communication state":{"value":0,"name":"SOTDMA"}}}
{"timestamp":"1970-01-01T00:00:00.000Z","prio":1,"src":1,"dst":255,"pgn":129799,"description":"Radio Frequency/Mode/Power","fields":{"Rx Frequency":156800000,"Tx Frequency":156800000,"Radio Channel":"900016","Tx Power":25,"Mode":{"value":0,"name":"F3E/G3E simplex, telephone"},"Channel Bandwidth":25000}}
