{"timestamp":"2023-01-01T00:00:00,055","prio":7,"src":9,"dst":255,"pgn":65280,"description":"Furuno: Heave","fields":{"Manufacturer Code":{"value":1855,"name":"Furuno","bytes":"3F 07","bits":"11100111111","key":true},"Industry Code":{"value":4,"name":"Marine Industry","bytes":"80","bits":"100","key":true},"Heave":{"value":-0.036,"bytes":"DC FF FF FF"}}}
{"timestamp":"2023-01-01T00:00:00,062","prio":2,"src":9,"dst":255,"pgn":127251,"description":"Rate of Turn","fields":{"SID":{"value":null,"bytes":"FF"},"Rate":{"value":-0.122591,"bytes":"8C F4 FE FF"}}}
{"timestamp":"2023-01-01T00:00:00,062","prio":3,"src":9,"dst":255,"pgn":127252,"description":"Heave","fields":{"SID":{"value":null,"bytes":"FF"},"Heave":{"value":-0.04,"bytes":"FC FF"}}}
{"timestamp":"2023-01-01T00:00:00,063","prio":7,"src":9,"dst":255,"pgn":130842,"description":"Furuno: Six Degrees Of Freedom Movement","fields":{"Manufacturer Code":{"value":1855,"name":"Furuno","bytes":"3F 07","bits":"11100111111","key":true},"Industry Code":{"value":4,"name":"Marine Industry","bytes":"80","bits":"100","key":true},"A":{"value":36,"bytes":"24 00 00 00"},"B":{"value":-1,"bytes":"FF FF FF FF"},"C":{"value":-17,"bytes":"EF FF FF FF"},"D":{"value":0,"bytes":"00"},"E":{"value":-102,"bytes":"9A FF FF FF"},"F":{"value":-83,"bytes":"AD FF FF FF"},"G":{"value":5,"bytes":"05 00"},"H":{"value":0,"bytes":"00 00"},"I":{"value":0,"bytes":"00 00"}}}
{"timestamp":"2023-01-01T00:00:00,066","prio":7,"src":9,"dst":255,"pgn":130843,"description":"Furuno: Heel Angle, Roll Information","fields":{"Manufacturer Code":{"value":1855,"name":"Furuno","bytes":"3F 07","bits":"11100111111","key":true},"Industry Code":{"value":4,"name":"Marine Industry","bytes":"80","bits":"100","key":true},"A":{"value":3,"bytes":"03"},"B":{"value":null,"bytes":"FF"},"Yaw":{"value":0.1,"bytes":"13 00"},"Pitch":{"value":0.9,"bytes":"9C 00"},"Roll":{"value":0.0,"bytes":"00 00"}}}
{"timestamp":"2023-01-01T00:00:00,067","prio":2,"src":34,"dst":255,"pgn":130306,"description":"Wind Data","fields":{"SID":{"value":7,"bytes":"07"},"Wind Speed":{"value":3.37,"bytes":"51 01"},"Wind Angle":{"value":112.1,"bytes":"74 4C"},"Reference":{"value":2,"name":"Apparent","bytes":"02","bits":"010","key":true}}}
{"timestamp":"2023-01-01T00:00:00,081","prio":2,"src":9,"dst":255,"pgn":129026,"description":"COG & SOG, Rapid Update","fields":{"SID":{"value":null,"bytes":"FF"},"COG Reference":{"value":0,"name":"True","bytes":"00","bits":"00"},"COG":{"value":124.2,"bytes":"A6 54"},"SOG":{"value":0.00,"bytes":"00 00"}}}
{"timestamp":"2023-01-01T00:00:00,086","prio":3,"src":19,"dst":255,"pgn":127251,"description":"Rate of Turn","fields":{"SID":{"value":0,"bytes":"00"},"Rate":{"value":0.030182,"bytes":"D9 41 00 00"},"Reserved":{"value":"27 02 FF","bytes":"27 02 FF"}}}
{"timestamp":"2023-01-01T00:00:00,086","prio":2,"src":19,"dst":255,"pgn":127250,"description":"Vessel Heading","fields":{"SID":{"value":0,"bytes":"00"},"Heading":{"value":178.0,"bytes":"56 79"},"Deviation":{"value":null,"bytes":"FF 7F"},"Variation":{"value":null,"bytes":"FF 7F"},"Reference":{"value":1,"name":"Magnetic","bytes":"01","bits":"01"}}}
{"timestamp":"2023-01-01T00:00:00,097","prio":2,"src":9,"dst":255,"pgn":129025,"description":"Position, Rapid Update","fields":{"Latitude":{"value":53.1801876,"bytes":"14 A7 B2 1F"},"Longitude":{"value": 5.4284652,"bytes":"6C 51 3C 03"}}}
{"timestamp":"2023-01-01T00:00:00,097","prio":5,"src":9,"dst":255,"pgn":130310,"description":"Environmental Parameters (obsolete)","fields":{"SID":{"value":null,"bytes":"FF"},"Water Temperature":{"value":null,"bytes":"FF FF"},"Outside Ambient Air Temperature":{"value":14.06,"bytes":"31 70"},"Atmospheric Pressure":{"value":1.023,"bytes":"FF 03"}}}
{"timestamp":"2023-01-01T00:00:00,117","prio":2,"src":34,"dst":255,"pgn":130306,"description":"Wind Data","fields":{"SID":{"value":8,"bytes":"08"},"Wind Speed":{"value":3.37,"bytes":"51 01"},"Wind Angle":{"value":113.2,"bytes":"29 4D"},"Reference":{"value":2,"name":"Apparent","bytes":"02","bits":"010","key":true}}}
{"timestamp":"2023-01-01T00:00:00,131","prio":2,"src":9,"dst":255,"pgn":130578,"description":"Vessel Speed Components","fields":{"Longitudinal Speed, Water-referenced":{"value":null,"bytes":"FF 7F"},"Transverse Speed, Water-referenced":{"value":null,"bytes":"FF 7F"},"Longitudinal Speed, Ground-referenced":{"value":-0.005,"bytes":"FB FF"},"Transverse Speed, Ground-referenced":{"value":-0.004,"bytes":"FC FF"},"Stern Speed, Water-referenced":{"value":null,"bytes":"FF 7F"},"Stern Speed, Ground-referenced":{"value":0.019,"bytes":"13 00"}}}
{"timestamp":"2023-01-01T00:00:00,136","prio":3,"src":19,"dst":255,"pgn":127251,"description":"Rate of Turn","fields":{"SID":{"value":0,"bytes":"00"},"Rate":{"value":0.029654,"bytes":"B2 40 00 00"},"Reserved":{"value":"FF 7F FD","bytes":"FF 7F FD"}}}
{"timestamp":"2023-01-01T00:00:00,136","prio":2,"src":19,"dst":255,"pgn":127250,"description":"Vessel Heading","fields":{"SID":{"value":0,"bytes":"00"},"Heading":{"value":178.0,"bytes":"56 79"},"Deviation":{"value":null,"bytes":"FF 7F"},"Variation":{"value":null,"bytes":"FF 7F"},"Reference":{"value":1,"name":"Magnetic","bytes":"01","bits":"01"}}}
{"timestamp":"2023-01-01T00:00:00,137","prio":3,"src":19,"dst":255,"pgn":127257,"description":"Attitude","fields":{"SID":{"value":0,"bytes":"00"},"Yaw":{"value":null,"bytes":"FF 7F"},"Pitch":{"value":0.7,"bytes":"81 00"},"Roll":{"value":-1.7,"bytes":"DB FE"}}}
{"timestamp":"2023-01-01T00:00:00,137","prio":3,"src":19,"dst":255,"pgn":127252,"description":"Heave","fields":{"SID":{"value":0,"bytes":"00"},"Heave":{"value":-0.04,"bytes":"FC FF"},"Reserved":{"value":"FF FF FF 7F FD","bytes":"FF FF FF 7F FD"}}}
{"timestamp":"2023-01-01T00:00:00,138","prio":2,"src":19,"dst":255,"pgn":65350,"description":"Simnet: Magnetic Field","fields":{"A":{"value":0.9,"bytes":"95 00"},"B":{"value":220,"bytes":"DC"},"C":{"value":114.4,"bytes":"FE 4D"},"D":{"value":3.2,"bytes":"27 02"}}}
{"timestamp":"2023-01-01T00:00:00,151","prio":3,"src":9,"dst":255,"pgn":127257,"description":"Attitude","fields":{"SID":{"value":null,"bytes":"FF"},"Yaw":{"value":176.3,"bytes":"33 78"},"Pitch":{"value":0.4,"bytes":"43 00"},"Roll":{"value":-1.5,"bytes":"00 FF"}}}
{"timestamp":"2023-01-01T00:00:00,152","prio":2,"src":9,"dst":255,"pgn":127250,"description":"Vessel Heading","fields":{"SID":{"value":null,"bytes":"FF"},"Heading":{"value":176.3,"bytes":"33 78"},"Deviation":{"value":null,"bytes":"FF 7F"},"Variation":{"value":2.1,"bytes":"76 01"},"Reference":{"value":0,"name":"True","bytes":"00","bits":"00"}}}
{"timestamp":"2023-01-01T00:00:00,153","prio":7,"src":9,"dst":255,"pgn":65280,"description":"Furuno: Heave","fields":{"Manufacturer Code":{"value":1855,"name":"Furuno","bytes":"3F 07","bits":"11100111111","key":true},"Industry Code":{"value":4,"name":"Marine Industry","bytes":"80","bits":"100","key":true},"Heave":{"value":-0.036,"bytes":"DC FF FF FF"}}}
{"timestamp":"2023-01-01T00:00:00,154","prio":2,"src":13,"dst":255,"pgn":129025,"description":"Position, Rapid Update","fields":{"Latitude":{"value":53.1801401,"bytes":"39 A5 B2 1F"},"Longitude":{"value": 5.4284125,"bytes":"5D 4F 3C 03"}}}
