{"timestamp":"2011-04-25-06:25:03.603","prio":3,"src":36,"dst":255,"pgn":129029,"description":"GNSS Position Data","fields":{"SID":{"value":230,"bytes":"E6"},"Date":{"value":15089,"name":"2011.04.25","bytes":"F1 3A"},"Time":{"value":231120000,"name":"06:25:12","bytes":"80 9C C6 0D"},"Latitude":{"value":52.7461333,"bytes":"00 12 38 AA 49 EB 51 07"},"Longitude":{"value": 5.1815566,"bytes":"00 0C 44 95 FB 15 B8 00"},"Altitude":{"value":3.400000,"bytes":"40 E1 33 00 00 00 00 00"},"GNSS type":{"value":3,"name":"GPS+SBAS/WAAS","bytes":"03","bits":"0011"},"Method":{"value":1,"name":"GNSS fix","bytes":"10","bits":"0001"},"Integrity":{"value":0,"name":"No integrity checking","bytes":"00","bits":"00"},"Number of SVs":{"value":9,"bytes":"09"},"HDOP":{"value":0.90,"bytes":"5A 00"},"PDOP":{"value":1.40,"bytes":"8C 00"},"Geoidal Separation":{"value":null,"bytes":"FF FF FF 7F"},"Reference Stations":{"value":0,"bytes":"00"}}}
{"timestamp":"1970-01-01T00:00:00.000Z","prio":3,"src":61,"dst":255,"pgn":127513,"description":"Battery Configuration Status","fields":{"Instance":{"value":0,"bytes":"00","key":true},"Battery Type":{"value":1,"name":"Gel","bytes":"01","bits":"0001"},"Supports Equalization":{"value":0,"name":"No","bytes":"00","bits":"00"},"Nominal Voltage":{"value":1,"name":"12V","bytes":"01","bits":"0001"},"Chemistry":{"value":1,"name":"Li","bytes":"10","bits":"0001"},"Capacity":{"value":20,"bytes":"14 00"},"Temperature Coefficient":{"value":2,"bytes":"02"},"Peukert Exponent":{"value":1.002,"bytes":"01"},"Charge Efficiency Factor":{"value":98,"bytes":"62"}}}
{"timestamp":"2022-09-10T12:10:16.614Z","prio":6,"src":5,"dst":255,"pgn":60928,"description":"ISO Address Claim","fields":{"Unique Number":{"value":1088507,"bytes":"FB 9B 10","bits":"111101111110111111011"},"Manufacturer Code":{"value":275,"name":"Navico","bytes":"60 22","bits":"00100010011"},"Device Instance Lower":{"value":0,"bytes":"00","bits":"000"},"Device Instance Upper":{"value":0,"bytes":"00","bits":"00000"},"Device Function":{"value":155,"name":"Rudder","bytes":"9B"},"Device Class":{"value":40,"name":"Steering and Control surfaces","bytes":"50","bits":"0101000"},"System Instance":{"value":0,"bytes":"00","bits":"0000"},"Industry Group":{"value":4,"name":"Marine","bytes":"40","bits":"100"},"Arbitrary address capable":{"value":1,"name":"Yes","bytes":"80","bits":"1"}}}
{"timestamp":"2022-09-10T12:10:16.812Z","prio":6,"src":35,"dst":255,"pgn":60928,"description":"ISO Address Claim","fields":{"Unique Number":{"value":321561,"bytes":"19 E8 04","bits":"001100000110000011001"},"Manufacturer Code":{"value":135,"name":"Airmar","bytes":"E0 10","bits":"01110000111"},"Device Instance Lower":{"value":0,"bytes":"00","bits":"000"},"Device Instance Upper":{"value":0,"bytes":"00","bits":"00000"},"Device Function":{"value":130,"name":"Bottom Depth","bytes":"82"},"Device Class":{"value":60,"name":"Navigation","bytes":"78","bits":"0111100"},"System Instance":{"value":0,"bytes":"00","bits":"0000"},"Industry Group":{"value":4,"name":"Marine","bytes":"40","bits":"100"},"Arbitrary address capable":{"value":1,"name":"Yes","bytes":"80","bits":"1"}}}
{"timestamp":"2016-04-09T16:41:39.628Z","prio":2,"src":16,"dst":255,"pgn":127489,"description":"Engine Parameters, Dynamic","fields":{"Instance":{"value":0,"name":"Single Engine or Dual Engine Port","bytes":"00","key":true},"Oil pressure":{"value":1.583,"bytes":"2F 06"},"Oil temperature":{"value":null,"bytes":"FF FF"},"Temperature":{"value":23.52,"bytes":"E3 73"},"Alternator Potential":{"value":13.81,"bytes":"65 05"},"Fuel Rate":{"value":null,"bytes":"FF 7F"},"Total Engine hours":{"value":4210,"name":"01:10:10","bytes":"72 10 00 00"},"Coolant Pressure":{"value":null,"bytes":"FF FF"},"Fuel Pressure":{"value":null,"bytes":"FF FF"},"Discrete Status 1":{"value":[{"value":2,"name":"Over Temperature"},{"value":4,"name":"Low Oil Pressure"}],"bytes":"06 00"},"Discrete Status 2":{"value":null,"bytes":"00 00"},"Engine Load":{"value":null,"bytes":"7F"},"Engine Torque":{"value":null,"bytes":"7F"}}}
{"timestamp":"1970-01-01T16:41:39.628Z","prio":2,"src":16,"dst":255,"pgn":127489,"description":"Engine Parameters, Dynamic","fields":{"Instance":{"value":0,"name":"Single Engine or Dual Engine Port","bytes":"00","key":true},"Oil pressure":{"value":1.583,"bytes":"2F 06"},"Oil temperature":{"value":547.65,"bytes":"10 20"},"Temperature":{"value":23.52,"bytes":"E3 73"},"Alternator Potential":{"value":13.81,"bytes":"65 05"},"Fuel Rate":{"value":112.5,"bytes":"65 04"},"Total Engine hours":{"value":4210,"name":"01:10:10","bytes":"72 10 00 00"},"Coolant Pressure":{"value":8.208,"bytes":"10 20"},"Fuel Pressure":{"value":164.320,"bytes":"30 40"},"Discrete Status 1":{"value":[{"value":2,"name":"Over Temperature"},{"value":4,"name":"Low Oil Pressure"}],"bytes":"06 00"},"Discrete Status 2":{"value":[{"value":1,"name":"Warning Level 1"},{"value":2,"name":"Warning Level 2"},{"value":4,"name":"Power Reduction"},{"value":8,"name":"Maintenance Needed"},{"value":16,"name":"Engine Comm Error"},{"value":32,"name":"Sub or Secondary Throttle"},{"value":64,"name":"Neutral Start Protect"},{"value":128,"name":"Engine Shutting Down"}],"bytes":"FF 00"},"Engine Load":{"value":48,"bytes":"30"},"Engine Torque":{"value":24,"bytes":"18"}}}
{"timestamp":"2022-09-10T12:10:33.618Z","prio":6,"src":23,"dst":255,"pgn":129540,"description":"GNSS Sats in View","fields":{"SID":{"value":4,"bytes":"04"},"Range Residual Mode":{"value":null,"bytes":"03","bits":"11"},"Sats in View":{"value":18,"bytes":"12"},"list":[{"PRN":{"value":3,"bytes":"03"},"Elevation":{"value":52.0,"bytes":"73 23"},"Azimuth":{"value":88.0,"bytes":"FE 3B"},"SNR":{"value":33.00,"bytes":"E4 0C"},"Range residuals":{"value":0.00000,"bytes":"00 00 00 00"},"Status":{"value":2,"name":"Used","bytes":"02","bits":"0010"}},{"PRN":{"value":87,"bytes":"57"},"Elevation":{"value":47.0,"bytes":"0B 20"},"Azimuth":{"value":191.0,"bytes":"37 82"},"SNR":{"value":33.00,"bytes":"E4 0C"},"Range residuals":{"value":0.00000,"bytes":"00 00 00 00"},"Status":{"value":2,"name":"Used","bytes":"02","bits":"0010"}},{"PRN":{"value":4,"bytes":"04"},"Elevation":{"value":74.0,"bytes":"73 32"},"Azimuth":{"value":144.0,"bytes":"2C 62"},"SNR":{"value":32.00,"bytes":"80 0C"},"Range residuals":{"value":0.00000,"bytes":"00 00 00 00"},"Status":{"value":2,"name":"Used","bytes":"02","bits":"0010"}},{"PRN":{"value":72,"bytes":"48"},"Elevation":{"value":67.0,"bytes":"AD 2D"},"Azimuth":{"value":39.0,"bytes":"96 1A"},"SNR":{"value":32.00,"bytes":"80 0C"},"Range residuals":{"value":0.00000,"bytes":"00 00 00 00"},"Status":{"value":2,"name":"Used","bytes":"02","bits":"0010"}},{"PRN":{"value":73,"bytes":"49"},"Elevation":{"value":21.0,"bytes":"51 0E"},"Azimuth":{"value":53.0,"bytes":"22 24"},"SNR":{"value":32.00,"bytes":"80 0C"},"Range residuals":{"value":0.00000,"bytes":"00 00 00 00"},"Status":{"value":2,"name":"Used","bytes":"02","bits":"0010"}},{"PRN":{"value":49,"bytes":"31"},"Elevation":{"value":29.0,"bytes":"C5 13"},"Azimuth":{"value":181.0,"bytes":"66 7B"},"SNR":{"value":31.00,"bytes":"1C 0C"},"Range residuals":{"value":0.00000,"bytes":"00 00 00 00"},"Status":{"value":2,"name":"Used","bytes":"02","bits":"0010"}},{"PRN":{"value":88,"bytes":"58"},"Elevation":{"value":62.0,"bytes":"45 2A"},"Azimuth":{"value":286.0,"bytes":"FC C2"},"SNR":{"value":31.00,"bytes":"1C 0C"},"Range residuals":{"value":0.00000,"bytes":"00 00 00 00"},"Status":{"value":2,"name":"Used","bytes":"02","bits":"0010"}},{"PRN":{"value":6,"bytes":"06"},"Elevation":{"value":41.0,"bytes":"F3 1B"},"Azimuth":{"value":304.0,"bytes":"42 CF"},"SNR":{"value":30.00,"bytes":"B8 0B"},"Range residuals":{"value":0.00000,"bytes":"00 00 00 00"},"Status":{"value":2,"name":"Used","bytes":"02","bits":"0010"}},{"PRN":{"value":81,"bytes":"51"},"Elevation":{"value":18.0,"bytes":"45 0C"},"Azimuth":{"value":331.0,"bytes":"AA E1"},"SNR":{"value":30.00,"bytes":"B8 0B"},"Range residuals":{"value":0.00000,"bytes":"00 00 00 00"},"Status":{"value":2,"name":"Used","bytes":"02","bits":"0010"}},{"PRN":{"value":9,"bytes":"09"},"Elevation":{"value":46.0,"bytes":"5C 1F"},"Azimuth":{"value":210.0,"bytes":"2B 8F"},"SNR":{"value":29.00,"bytes":"54 0B"},"Range residuals":{"value":0.00000,"bytes":"00 00 00 00"},"Status":{"value":2,"name":"Used","bytes":"02","bits":"0010"}},{"PRN":{"value":17,"bytes":"11"},"Elevation":{"value":26.0,"bytes":"B9 11"},"Azimuth":{"value":228.0,"bytes":"71 9B"},"SNR":{"value":29.00,"bytes":"54 0B"},"Range residuals":{"value":0.00000,"bytes":"00 00 00 00"},"Status":{"value":2,"name":"Used","bytes":"02","bits":"0010"}},{"PRN":{"value":19,"bytes":"13"},"Elevation":{"value":36.0,"bytes":"8B 18"},"Azimuth":{"value":258.0,"bytes":"E5 AF"},"SNR":{"value":29.00,"bytes":"54 0B"},"Range residuals":{"value":0.00000,"bytes":"00 00 00 00"},"Status":{"value":2,"name":"Used","bytes":"02","bits":"0010"}},{"PRN":{"value":71,"bytes":"47"},"Elevation":{"value":18.0,"bytes":"45 0C"},"Azimuth":{"value":57.0,"bytes":"DC 26"},"SNR":{"value":28.00,"bytes":"F0 0A"},"Range residuals":{"value":0.00000,"bytes":"00 00 00 00"},"Status":{"value":2,"name":"Used","bytes":"02","bits":"0010"}},{"PRN":{"value":65,"bytes":"41"},"Elevation":{"value":54.0,"bytes":"D0 24"},"Azimuth":{"value":256.0,"bytes":"88 AE"},"SNR":{"value":27.00,"bytes":"8C 0A"},"Range residuals":{"value":0.00000,"bytes":"00 00 00 00"},"Status":{"value":2,"name":"Used","bytes":"02","bits":"0010"}},{"PRN":{"value":11,"bytes":"0B"},"Elevation":{"value":9.0,"bytes":"22 06"},"Azimuth":{"value":312.0,"bytes":"B6 D4"},"SNR":{"value":26.00,"bytes":"28 0A"},"Range residuals":{"value":0.00000,"bytes":"00 00 00 00"},"Status":{"value":2,"name":"Used","bytes":"02","bits":"0010"}},{"PRN":{"value":1,"bytes":"01"},"Elevation":{"value":20.0,"bytes":"A2 0D"},"Azimuth":{"value":147.0,"bytes":"38 64"},"SNR":{"value":23.00,"bytes":"FC 08"},"Range residuals":{"value":0.00000,"bytes":"00 00 00 00"},"Status":{"value":2,"name":"Used","bytes":"02","bits":"0010"}},{"PRN":{"value":25,"bytes":"19"},"Elevation":{"value":4.0,"bytes":"BA 02"},"Azimuth":{"value":357.0,"bytes":"64 F3"},"SNR":{"value":22.00,"bytes":"98 08"},"Range residuals":{"value":0.00000,"bytes":"00 00 00 00"},"Status":{"value":2,"name":"Used","bytes":"02","bits":"0010"}},{"PRN":{"value":74,"bytes":"4A"},"Elevation":{"value":11.0,"bytes":"7F 07"},"Azimuth":{"value":98.0,"bytes":"D0 42"},"SNR":{"value":21.00,"bytes":"34 08"},"Range residuals":{"value":0.00000,"bytes":"00 00"}}]}}
{"timestamp":"2020-08-22-13:52:57.591","prio":7,"src":36,"dst":255,"pgn":126993,"description":"Heartbeat","fields":{"Data transmit offset":{"value":1,"name":"00:00:00.01","bytes":"01 00"},"Sequence Counter":{"value":36,"bytes":"24"},"Controller 1 State":{"value":null,"bytes":"03","bits":"11"},"Controller 2 State":{"value":null,"bytes":"0C","bits":"11"},"Equipment Status":{"value":null,"bytes":"30","bits":"11"}}}
{"timestamp":"2011-04-25-10:16:40.505","prio":3,"src":36,"dst":255,"pgn":126992,"description":"System Time","fields":{"SID":{"value":16,"bytes":"10"},"Source":{"value":0,"name":"GPS","bytes":"00","bits":"0000","key":true},"Date":{"value":15089,"name":"2011.04.25","bytes":"F1 3A"},"Time":{"value":370100001,"name":"10:16:50.0001","bytes":"21 47 0F 16"}}}
{"timestamp":"2021-01-30-20:43:21.684","prio":6,"src":1,"dst":255,"pgn":126998,"description":"Configuration Information","fields":{"Installation Description #1":{"value":"hello","bytes":"07 01 68 65 6C 6C 6F"},"Installation Description #2":{"value":"wórld","bytes":"0C 00 77 00 F3 00 72 00 6C 00 64 00"}}}
{"timestamp":"2020-04-19T00:35:55.571Z","prio":2,"src":0,"dst":67,"pgn":126208,"description":"NMEA - Command group function","fields":{"Function Code":{"value":1,"name":"Command","bytes":"01"},"PGN":{"value":126998,"name":"Configuration Information","bytes":"16 F0 01"},"Priority":{"value":null,"bytes":"0F","bits":"1111"},"Number of Parameters":{"value":1,"bytes":"01"},"list":[{"Parameter":{"value":2,"bytes":"02"},"Value":{"value":"YD:VOLUME 60","bytes":"0E 01 59 44 3A 56 4F 4C 55 4D 45 20 36 30"}}]}}
{"timestamp":"2021-07-29T10:18:31.758Z","prio":6,"src":36,"dst":0,"pgn":126208,"description":"NMEA - Acknowledge group function","fields":{"Function Code":{"value":2,"name":"Acknowledge","bytes":"02"},"PGN":{"value":65410,"name":null,"bytes":"82 FF 00"},"PGN error code":{"value":0,"name":"Acknowledge","bytes":"00","bits":"0000"},"Transmission interval/Priority error code":{"value":1,"name":"Transmit Interval/Priority not supported","bytes":"10","bits":"0001"},"Number of Parameters":{"value":2,"bytes":"02"},"list":[{"Parameter":{"value":0,"name":"Acknowledge","bytes":"00","bits":"0000"}},{"Parameter":{"value":0,"name":"Acknowledge","bytes":"00","bits":"0000"}}]}}
{"timestamp":"2021-07-29T10:18:31.758Z","prio":6,"src":36,"dst":0,"pgn":126208,"description":"NMEA - Read Fields group function","fields":{"Function Code":{"value":3,"name":"Read Fields","bytes":"03"},"PGN":{"value":130306,"name":"Wind Data","bytes":"02 FD 01"},"Unique ID":{"value":0,"bytes":"00"},"Number of Selection Pairs":{"value":1,"bytes":"01"},"Number of Parameters":{"value":2,"bytes":"02"},"list":[{"Selection Parameter":{"value":4,"bytes":"04"},"Selection Value":{"value":2,"name":"Apparent","bytes":"02","bits":"010"}}],"list2":[{"Parameter":{"value":2,"bytes":"02"}},{"Parameter":{"value":3,"bytes":"03"}}]}}
{"timestamp":"2022-10-11T11:47:22Z","prio":3,"src":127,"dst":255,"pgn":126464,"description":"PGN List (Transmit and Receive)","fields":{"Function Code":{"value":1,"name":"Receive PGN list","bytes":"01"},"list":[{"PGN":{"value":130820,"name":null,"bytes":"04 FF 01"}},{"PGN":{"value":129809,"name":"AIS Class B static data (msg 24 Part A)","bytes":"11 FB 01"}}]}}
{"timestamp":"2022-11-14T01:47:30.890Z","prio":2,"src":14,"dst":255,"pgn":127251,"description":"Rate of Turn","fields":{"SID":{"value":null,"bytes":"FF"},"Rate":{"value":-0.029649,"bytes":"51 BF FF FF"}}}
{"timestamp":"2022-09-10T12:07:29.542Z","prio":4,"src":23,"dst":255,"pgn":129039,"description":"AIS Class B Position Report","fields":{"Message ID":{"value":18,"name":"Standard Class B position report","bytes":"12","bits":"010010"},"Repeat Indicator":{"value":0,"name":"Initial","bytes":"00","bits":"00"},"User ID":{"value":"244180106","bytes":"8A E4 8D 0E","key":true},"Longitude":{"value": 5.3134516,"bytes":"B4 C4 2A 03"},"Latitude":{"value":52.9061666,"bytes":"22 D7 88 1F"},"Position Accuracy":{"value":1,"name":"High","bytes":"01","bits":"1"},"RAIM":{"value":1,"name":"in use","bytes":"02","bits":"1"},"Time Stamp":{"value":29,"name":null,"bytes":"74","bits":"011101"},"COG":{"value":171.7,"bytes":"09 75"},"SOG":{"value":1.80,"bytes":"B4 00"},"Communication State":{"value":"F8 08 00","bytes":"F8 08 00","bits":"1100111110011111000"},"AIS Transceiver information":{"value":0,"name":"Channel A VDL reception","bytes":"00","bits":"00000"},"Heading":{"value":null,"bytes":"FF FF"},"Unit type":{"value":0,"name":"SOTDMA","bytes":"00","bits":"0"},"Integrated Display":{"value":0,"name":"No","bytes":"00","bits":"0"},"DSC":{"value":1,"name":"Yes","bytes":"10","bits":"1"},"Band":{"value":1,"name":"Entire marine band","bytes":"20","bits":"1"},"Can handle Msg 22":{"value":1,"name":"Yes","bytes":"40","bits":"1"},"AIS mode":{"value":1,"name":"Assigned","bytes":"80","bits":"1"},"AIS communication state":{"value":0,"name":"SOTDMA","bytes":"00","bits":"0"}}}
{"timestamp":"1970-01-01T00:00:00.000Z","prio":1,"src":1,"dst":255,"pgn":129799,"description":"Radio Frequency/Mode/Power","fields":{"Rx Frequency":{"value":156800000,"bytes":"00 42 EF 00"},"Tx Frequency":{"value":156800000,"bytes":"00 42 EF 00"},"Radio Channel":{"value":"900016","bytes":"39 30 30 30 31 36"},"Tx Power":{"value":25,"bytes":"19 00"},"Mode":{"value":0,"name":"F3E/G3E simplex, telephone","bytes":"00"},"Channel Bandwidth":{"value":25000,"bytes":"A8 61"}}}
