$BNMWV,198.8,R,8.6,K,A*32
$AOVTG,91.2,T,,M,0.02,N,0.04,K*45
$BKVLW,1385.6,N,585.6,N*73
$BEHDM,180.0,M*2C
$AFRSA,-35.6,A,,F*73
$AOGSA,M,,,,,,,,,,,,,,,0.50,0.80*37
$BKVHW,,T,,M,0.000000,N,0.0,K*6C
$AMGLL,5310.8088,N,525.7071,E,120657,A,D*52
$CDDPT,0.5,0.7*45
